// Jest Snapshot v1, https://goo.gl/fbAQLP

exports[`SignupModal SignupModal renders correctly 1`] = `null`;

exports[`SignupModal renders correctly 1`] = `null`;
